{
  "exclude": {
    "files": "(?x)(Cargo\\.lock$|\\.lock$)|^\\.secrets\\.baseline$",
    "lines": null
  },
  "generated_at": "2026-08-19T10:59:12Z",
  "plugins_used": [
    {
      "name": "AWSKeyDetector"
    },
    {
      "name": "ArtifactoryDetector"
    },
    {
      "name": "AzureStorageKeyDetector"
    },
    {
      "base64_limit": 4.5,
      "name": "Base64HighEntropyString"
    },
    {
      "name": "BasicAuthDetector"
    },
    {
      "name": "BoxDetector"
    },
    {
      "name": "CloudantDetector"
    },
    {
      "ghe_instance": "github.ibm.com",
      "name": "GheDetector"
    },
    {
      "name": "GitHubTokenDetector"
    },
    {
      "hex_limit": 3,
      "name": "HexHighEntropyString"
    },
    {
      "name": "IbmCloudIamDetector"
    },
    {
      "name": "IbmCosHmacDetector"
    },
    {
      "name": "JwtTokenDetector"
    },
    {
      "keyword_exclude": null,
      "name": "KeywordDetector"
    },
    {
      "name": "MailchimpDetector"
    },
    {
      "name": "NpmDetector"
    },
    {
      "name": "PrivateKeyDetector"
    },
    {
      "name": "SlackDetector"
    },
    {
      "name": "SoftlayerDetector"
    },
    {
      "name": "SquareOAuthDetector"
    },
    {
      "name": "StripeDetector"
    },
    {
      "name": "TwilioKeyDetector"
    }
  ],
  "results": {
    "assets/contextforgeCA/contextforge-client.key.pem": [
      {
        "hashed_secret": "1348b145fa1a555461c1b790a2f66614781091e9",
        "is_verified": true,
        "line_number": 1,
        "type": "Private Key",
        "verified_result": true,
        "is_secret": false
      }
    ],
    "assets/contextforgeCA/contextforge-server.key.pem": [
      {
        "hashed_secret": "1348b145fa1a555461c1b790a2f66614781091e9",
        "is_verified": true,
        "line_number": 1,
        "type": "Private Key",
        "verified_result": true,
        "is_secret": false
      }
    ],
    "assets/contextforgeCA/contextforge.ca.key.pem": [
      {
        "hashed_secret": "1348b145fa1a555461c1b790a2f66614781091e9",
        "is_verified": true,
        "line_number": 1,
        "type": "Private Key",
        "verified_result": true,
        "is_secret": false
      }
    ],
    "assets/contextforgeCA/contextforge.intermediate.key.pem": [
      {
        "hashed_secret": "1348b145fa1a555461c1b790a2f66614781091e9",
        "is_verified": true,
        "line_number": 1,
        "type": "Private Key",
        "verified_result": true,
        "is_secret": false
      }
    ],
    "assets/jwt.key": [
      {
        "hashed_secret": "be4fc4886bd949b369d5e092eb87494f12e57e5b",
        "is_verified": true,
        "line_number": 1,
        "type": "Private Key",
        "verified_result": true,
        "is_secret": false
      }
    ],
    "assets/tls_key.pem": [
      {
        "hashed_secret": "1348b145fa1a555461c1b790a2f66614781091e9",
        "is_verified": true,
        "line_number": 1,
        "type": "Private Key",
        "verified_result": true,
        "is_secret": false
      }
    ],
    "crates/contextforge-data-plane-lib/src/common.rs": [
      {
        "hashed_secret": "4a4645604f0b9e29503be96a87f6f47a6e4a7890",
        "is_verified": true,
        "line_number": 154,
        "type": "Secret Keyword",
        "verified_result": true,
        "is_secret": false
      },
      {
        "hashed_secret": "427f5e1b530d4a544883308d876a11d724060c86",
        "is_verified": true,
        "line_number": 157,
        "type": "Secret Keyword",
        "verified_result": true,
        "is_secret": false
      },
      {
        "hashed_secret": "bfc6000db1195a9522813fc405c666dd4ce669ad",
        "is_verified": true,
        "line_number": 263,
        "type": "Secret Keyword",
        "verified_result": true,
        "is_secret": false
      }
    ],
    "crates/contextforge-data-plane-lib/src/telemetry.rs": [
      {
        "hashed_secret": "0a24796d4c71ce722a92f450f69dc36c60b21de4",
        "is_verified": true,
        "line_number": 87,
        "type": "Hex High Entropy String",
        "verified_result": true,
        "is_secret": false
      }
    ],
    "crates/contextforge-data-plane-lib/tests/support/client.rs": [
      {
        "hashed_secret": "a453c8b2640819a451ce875ac1e04d0dbab7b403",
        "is_verified": true,
        "line_number": 12,
        "type": "Secret Keyword",
        "verified_result": true,
        "is_secret": false
      }
    ],
    "crates/contextforge-data-plane-lib/tests/support/mod.rs": [
      {
        "hashed_secret": "a453c8b2640819a451ce875ac1e04d0dbab7b403",
        "is_verified": true,
        "line_number": 17,
        "type": "Secret Keyword",
        "verified_result": true,
        "is_secret": false
      }
    ],
    "crates/contextforge-data-plane/Cargo.toml": [
      {
        "hashed_secret": "58e7dc38ba3a7d4a720006d2f3cc4cda774d89dc",
        "is_verified": true,
        "line_number": 19,
        "type": "Hex High Entropy String",
        "verified_result": true,
        "is_secret": false
      }
    ],
    "crates/plugins/cpex-secrets-detection/src/lib.rs": [
      {
        "hashed_secret": "86de8c52637ec530fe39b0a8471da9b8764d5242",
        "is_verified": true,
        "line_number": 609,
        "type": "AWS Access Key",
        "verified_result": true,
        "is_secret": false
      }
    ],
    "crates/plugins/cpex-secrets-detection/src/scanner.rs": [
      {
        "hashed_secret": "9249e2590f5d19742260cb5296cb76fe0677f147",
        "is_verified": true,
        "line_number": 238,
        "type": "Secret Keyword",
        "verified_result": true,
        "is_secret": false
      },
      {
        "hashed_secret": "199da8f71b7dced64f82cf6e96483134cace9b14",
        "is_verified": true,
        "line_number": 239,
        "type": "Secret Keyword",
        "verified_result": true,
        "is_secret": false
      },
      {
        "hashed_secret": "c0026c4c848882618c987859077ffbae92130625",
        "is_verified": true,
        "line_number": 242,
        "type": "Secret Keyword",
        "verified_result": true,
        "is_secret": false
      },
      {
        "hashed_secret": "078553dc10635837abb80f404302c70cba91b879",
        "is_verified": true,
        "line_number": 278,
        "type": "Base64 High Entropy String",
        "verified_result": true,
        "is_secret": false
      },
      {
        "hashed_secret": "e175c6f5f2a92e8623bd9a4820edb4e8c1b0fd10",
        "is_verified": true,
        "line_number": 278,
        "type": "GitHub Token",
        "verified_result": true,
        "is_secret": false
      },
      {
        "hashed_secret": "97d99a51e5ac827bb36fe6273facfda35245917a",
        "is_verified": true,
        "line_number": 279,
        "type": "Base64 High Entropy String",
        "verified_result": true,
        "is_secret": false
      },
      {
        "hashed_secret": "be4fc4886bd949b369d5e092eb87494f12e57e5b",
        "is_verified": true,
        "line_number": 282,
        "type": "Private Key",
        "verified_result": true,
        "is_secret": false
      },
      {
        "hashed_secret": "b1775a785f09a6ebaf2dc33d6eaeb98974d9cdb8",
        "is_verified": true,
        "line_number": 284,
        "type": "Hex High Entropy String",
        "verified_result": true,
        "is_secret": false
      },
      {
        "hashed_secret": "eae9124e42e2ef05ba727bd1a1c0c6fa61a05b9e",
        "is_verified": true,
        "line_number": 302,
        "type": "Secret Keyword",
        "verified_result": true,
        "is_secret": false
      },
      {
        "hashed_secret": "86de8c52637ec530fe39b0a8471da9b8764d5242",
        "is_verified": true,
        "line_number": 401,
        "type": "AWS Access Key",
        "verified_result": true,
        "is_secret": false
      },
      {
        "hashed_secret": "9d7235fe33b6612ed7ebca4b63afd00d4adf5d66",
        "is_verified": true,
        "line_number": 410,
        "type": "Secret Keyword",
        "verified_result": true,
        "is_secret": false
      },
      {
        "hashed_secret": "27a39044bff80a4c196689dfa8dcf129cb27fef8",
        "is_verified": true,
        "line_number": 431,
        "type": "Base64 High Entropy String",
        "verified_result": true,
        "is_secret": false
      }
    ],
    "crates/plugins/cpex-secrets-detection/tests/plugin_manager.rs": [
      {
        "hashed_secret": "436da7d4d22c39c0165ab0d5b40073d0f2fc11c5",
        "is_verified": true,
        "line_number": 197,
        "type": "AWS Access Key",
        "verified_result": true,
        "is_secret": false
      },
      {
        "hashed_secret": "8b4510a576d82f38bd2730436bf5e20c4e15b30e",
        "is_verified": true,
        "line_number": 198,
        "type": "AWS Access Key",
        "verified_result": true,
        "is_secret": false
      },
      {
        "hashed_secret": "e4ea017859bcad962c8ab551fe29da9147877eee",
        "is_verified": true,
        "line_number": 199,
        "type": "AWS Access Key",
        "verified_result": true,
        "is_secret": false
      },
      {
        "hashed_secret": "86de8c52637ec530fe39b0a8471da9b8764d5242",
        "is_verified": true,
        "line_number": 268,
        "type": "AWS Access Key",
        "verified_result": true,
        "is_secret": false
      }
    ],
    "docker/docker-compose-langfuse.yaml": [
      {
        "hashed_secret": "cb1fde0682fbd1ac0faf2a9f297167ac9d06434b",
        "is_verified": true,
        "line_number": 16,
        "type": "Secret Keyword",
        "verified_result": true,
        "is_secret": false
      },
      {
        "hashed_secret": "cb58df830a45cc33df1a313e616ecad78cd796c5",
        "is_verified": true,
        "line_number": 77,
        "type": "Secret Keyword",
        "verified_result": true,
        "is_secret": false
      },
      {
        "hashed_secret": "2e0c522bfe4e7885492862df2e0b987c0ca02623",
        "is_verified": true,
        "line_number": 100,
        "type": "Secret Keyword",
        "verified_result": true,
        "is_secret": false
      },
      {
        "hashed_secret": "d9d007c8de197b3f36a3a0ba4f13c0f7df175d5a",
        "is_verified": true,
        "line_number": 255,
        "type": "Secret Keyword",
        "verified_result": true,
        "is_secret": false
      }
    ],
    "docker/docker-compose.yml": [
      {
        "hashed_secret": "2a8bfc0ce436d55ca907d0162989481bcb7677b4",
        "is_verified": true,
        "line_number": 189,
        "type": "Secret Keyword",
        "verified_result": true,
        "is_secret": false
      },
      {
        "hashed_secret": "fdda45b7f6d2ead95d9991fc4678640c3bab0d84",
        "is_verified": true,
        "line_number": 363,
        "type": "Secret Keyword",
        "verified_result": true,
        "is_secret": false
      },
      {
        "hashed_secret": "093d378410a5cfa4bd5088f3fef62fbdb8a95665",
        "is_verified": true,
        "line_number": 369,
        "type": "Secret Keyword",
        "verified_result": true,
        "is_secret": false
      },
      {
        "hashed_secret": "c3de40d5e3fc71ed62771c2127a8e42585026c97",
        "is_verified": true,
        "line_number": 371,
        "type": "Secret Keyword",
        "verified_result": true,
        "is_secret": false
      },
      {
        "hashed_secret": "4d4acd9b084d13f5fdb23807d857e1c48a1cfd0f",
        "is_verified": true,
        "line_number": 460,
        "type": "Secret Keyword",
        "verified_result": true,
        "is_secret": false
      },
      {
        "hashed_secret": "bd0160c2cf35d950843c88f3be2b9412ed71f485",
        "is_verified": true,
        "line_number": 495,
        "type": "Secret Keyword",
        "verified_result": true,
        "is_secret": false
      },
      {
        "hashed_secret": "293324f6824bb3a6db5c4dc42a60ddd4a9851c99",
        "is_verified": true,
        "line_number": 658,
        "type": "Hex High Entropy String",
        "verified_result": true,
        "is_secret": false
      }
    ],
    "scripts/git/resolve-secrets-baseline-conflict.sh": [
      {
        "hashed_secret": "44ffd1bfb94772d5f91d528e7aca703990edbbd7",
        "is_verified": true,
        "line_number": 31,
        "type": "Secret Keyword",
        "verified_result": true,
        "is_secret": false
      }
    ]
  },
  "version": "0.13.1+ibm.64.dss",
  "word_list": {
    "file": null,
    "hash": null
  }
}
